2025-04-13 14:45:51,264 - logs -  DEBUG - This is a debug message
2025-04-13 14:45:51,264 - logs -  INFO - This is an info message
2025-04-13 14:45:51,264 - logs -  WARNING - This is a warning message
2025-04-13 14:45:51,265 - logs -  ERROR - This is an error message
2025-04-13 14:49:54,237 - logs -  DEBUG - This is a debug message
2025-04-13 14:49:54,238 - logs -  INFO - This is an info message
2025-04-13 14:49:54,238 - logs -  WARNING - This is a warning message
2025-04-13 14:49:54,238 - logs -  ERROR - This is an error message
2025-04-13 14:50:38,337 - logs -  DEBUG - This is a debug message
2025-04-13 14:50:38,337 - logs -  INFO - This is an info message
2025-04-13 14:50:38,337 - logs -  WARNING - This is a warning message
2025-04-13 14:50:38,339 - logs -  ERROR - This is an error message
2025-04-13 14:52:37,688 - logs -  DEBUG - This is a debug message
2025-04-13 14:52:37,688 - logs -  INFO - This is an info message
2025-04-13 14:52:37,689 - logs -  WARNING - This is a warning message
2025-04-13 14:52:37,689 - logs -  ERROR - This is an error message
2025-04-13 14:52:42,286 - __main__ -  DEBUG - This is a debug message
2025-04-13 14:52:42,286 - __main__ -  INFO - This is an info message
2025-04-13 14:52:42,286 - __main__ -  WARNING - This is a warning message
2025-04-13 14:52:42,287 - __main__ -  ERROR - This is an error message
2025-04-13 14:56:12,243 - logs -  DEBUG - This is a debug message
2025-04-13 14:56:12,243 - logs -  INFO - This is an info message
2025-04-13 14:56:12,243 - logs -  WARNING - This is a warning message
2025-04-13 14:56:12,243 - logs -  ERROR - This is an error message
2025-04-13 14:56:35,477 - logs -  DEBUG - This is a debug message
2025-04-13 14:56:35,478 - logs -  INFO - This is an info message
2025-04-13 14:56:35,478 - logs -  WARNING - This is a warning message
2025-04-13 14:56:35,479 - logs -  ERROR - This is an error message
2025-04-13 14:56:58,501 - logs -  DEBUG - This is a debug message
2025-04-13 14:56:58,501 - logs -  INFO - This is an info message
2025-04-13 14:56:58,501 - logs -  WARNING - This is a warning message
2025-04-13 14:56:58,501 - logs -  ERROR - This is an error message
2025-04-13 14:57:36,954 - logs -  INFO - checking if published is True or False
2025-04-13 14:58:08,694 - logs -  INFO - returning all unpublished blogs
